Microchip MPLAB XC8 Compiler V2.45

Linker command line:

-W-3 \
  --edf=C:\Program Files\Microchip\xc8\v2.45\pic\dat\20230818022343_en.msgs \
  -cn -h+dist/default/production\7T_ADC_PWM.X.production.sym \
  --cmf=dist/default/production\7T_ADC_PWM.X.production.cmf -z -Q16F877A \
  -oC:\Users\antor\AppData\Local\Temp\xcAs630.\driver_tmp_3.o \
  --defsym=__MPLAB_BUILD=1 --fixupoverflow=error \
  -Mdist/default/production/7T_ADC_PWM.X.production.map \
  --md=C:\Users\antor\AppData\Local\Temp\xcAs630.\driver_tmp_0.dat -E1 \
  -ver=XC8 Compiler --acfsm=1493 -ACODE=00h-07FFhx4 -ASTRCODE=00h-01FFFh \
  -ASTRING=00h-0FFhx32 -ACONST=00h-0FFhx32 -AENTRY=00h-0FFhx32 \
  -ACOMMON=070h-07Fh -ABANK0=020h-06Fh -ABANK1=0A0h-0EFh \
  -ABANK2=0110h-016Fh -ABANK3=0190h-01EFh \
  -ARAM=020h-06Fh,0A0h-0EFh,0110h-016Fh,0190h-01EFh \
  -AABS1=020h-07Fh,0A0h-0EFh,0110h-016Fh,0190h-01EFh -ASFR0=00h-01Fh \
  -ASFR1=080h-09Fh -ASFR2=0100h-010Fh -ASFR3=0180h-018Fh \
  -ACONFIG=02007h-02007h -DCONFIG=2 -AIDLOC=02000h-02003h -DIDLOC=2 \
  -AEEDATA=00h-0FFh/02100h -peeprom_data=EEDATA -DEEDATA=2 -DCODE=2 \
  -DSTRCODE=2 -DSTRING=2 -DCONST=2 -DENTRY=2 \
  -preset_vec=00h,intentry,init,end_init -ppowerup=CODE -pcinit=CODE \
  -pfunctab=ENTRY -k \
  C:\Users\antor\AppData\Local\Temp\xcAs630.\driver_tmp_12.o \
  dist/default/production\7T_ADC_PWM.X.production.o 

Object code version is 3.11

Machine type is 16F877A



                Name                               Link     Load   Length Selector   Space Scale
C:\Users\antor\AppData\Local\Temp\xcAs630.\driver_tmp_12.o
                end_init                              0        0        3        0       0
                config                             2007     2007        1        0       4
dist/default/production\7T_ADC_PWM.X.production.o
                cinit                               7E6      7E6       1A      FCC       0
                config                             2007     2007        1        0       4
                text8                               492      492       17      924       0
                text7                               469      469       14      8D2       0
                text6                               47D      47D       15      8FA       0
                text5                               4A9      4A9       44      952       0
                text4                               59B      59B       A1      B36       0
                text3                               533      533       68      A66       0
                text2                               4ED      4ED       46      9DA       0
                text1                               63C      63C       B9      C78       0
                maintext                            6F5      6F5       F1      DEA       0
                cstackBANK0                          3A       3A       11       20       1
                cstackCOMMON                         70       70        E       70       1
                clrtext                             446      446        8      88C       0
                inittext                            456      456       13      8AC       0
                dataBANK0                            4B       4B        8       20       1
                bssBANK0                             20       20       1A       20       1
                idataBANK0                          44E      44E        8      89C       0

TOTAL           Name                               Link     Load   Length     Space
        CLASS   CODE           
                end_init                              0        0        3         0
                cinit                               7E6      7E6       1A         0
                text8                               492      492       17         0
                text7                               469      469       14         0
                text6                               47D      47D       15         0
                text5                               4A9      4A9       44         0
                text4                               59B      59B       A1         0
                text3                               533      533       68         0
                text2                               4ED      4ED       46         0
                text1                               63C      63C       B9         0
                maintext                            6F5      6F5       F1         0
                clrtext                             446      446        8         0
                inittext                            456      456       13         0
                idataBANK0                          44E      44E        8         0

        CLASS   STRCODE        

        CLASS   STRING         

        CLASS   CONST          

        CLASS   ENTRY          

        CLASS   COMMON         
                cstackCOMMON                         70       70        E         1

        CLASS   BANK0          
                cstackBANK0                          3A       3A       11         1
                dataBANK0                            4B       4B        8         1
                bssBANK0                             20       20       1A         1

        CLASS   BANK1          

        CLASS   BANK2          

        CLASS   BANK3          

        CLASS   RAM            

        CLASS   ABS1           
                abs_s1                               7E       7E        2         1

        CLASS   SFR0           

        CLASS   SFR1           

        CLASS   SFR2           

        CLASS   SFR3           

        CLASS   CONFIG         
                config                             2007     2007        1         4

        CLASS   IDLOC          

        CLASS   EEDATA         

        CLASS   HEAP           

        CLASS   STACK          



SEGMENTS        Name                           Load    Length   Top    Selector   Space  Class     Delta

                reset_vec                      000000  000003  000003         0       0  CODE        2
                bssBANK0                       000020  000033  000053        20       1  BANK0       1
                cstackCOMMON                   000070  00000E  00007E        70       1  COMMON      1
                clrtext                        000446  000008  00044E       88C       0  CODE        2
                idataBANK0                     00044E  000008  000456       89C       0  CODE        2
                inittext                       000456  000013  000469       8AC       0  CODE        2
                text7                          000469  000014  00047D       8D2       0  CODE        2
                text6                          00047D  000015  000492       8FA       0  CODE        2
                text8                          000492  000017  0004A9       924       0  CODE        2
                text5                          0004A9  000044  0004ED       952       0  CODE        2
                text2                          0004ED  000046  000533       9DA       0  CODE        2
                text3                          000533  000068  00059B       A66       0  CODE        2
                text4                          00059B  0000A1  00063C       B36       0  CODE        2
                text1                          00063C  0000B9  0006F5       C78       0  CODE        2
                maintext                       0006F5  0000F1  0007E6       DEA       0  CODE        2
                cinit                          0007E6  00001A  000800       FCC       0  CODE        2


UNUSED ADDRESS RANGES

        Name                Unused          Largest block    Delta
        BANK0            0053-006F             1D           1
        BANK1            00A0-00EF             50           1
        BANK2            0110-016F             60           1
        BANK3            0190-01EF             60           1
        CODE             0003-0445            443           2
                         0800-1FFF            800
        CONST            0003-0445            100           2
                         0800-1FFF            100
        EEDATA           2100-21FF            100           2
        ENTRY            0003-0445            100           2
                         0800-1FFF            100
        IDLOC            2000-2003              4           2
        RAM              0053-006F             1D           1
                         00A0-00EF             50
                         0110-016F             60
                         0190-01EF             60
        SFR0             0000-001F             20           1
        SFR1             0080-009F             20           1
        SFR2             0100-010F             10           1
        SFR3             0180-018F             10           1
        STRCODE          0003-0445            443           2
                         0800-1FFF           1800
        STRING           0003-0445            100           2
                         0800-1FFF            100

                                  Symbol Table

?___lldiv                cstackBANK0  003A
?___lmul                 cstackCOMMON 0070
?___lwdiv                cstackCOMMON 0070
Lcd_Command@i            cstackCOMMON 0072
Lcd_Data@i               cstackCOMMON 0072
Lcd_Output@i             cstackBANK0  003A
Lcd_Output@j             cstackCOMMON 007B
Lcd_Output@pos           cstackBANK0  003E
Lcd_Output@s             cstackCOMMON 007A
_ADCON0                  (abs)        001F
_ADCON1                  (abs)        009F
_ADRESH                  (abs)        001E
_ADRESL                  (abs)        009E
_CCP1CON                 (abs)        0017
_CCPR1L                  (abs)        0015
_Lcd_Command             text8        0492
_Lcd_Data                text7        0469
_Lcd_Output              text4        059B
_PORTC                   (abs)        0007
_PORTD                   (abs)        0008
_PR2                     (abs)        0092
_T2CON                   (abs)        0012
_TRISA                   (abs)        0085
_TRISC                   (abs)        0087
_TRISD                   (abs)        0088
__H__absolute__          __absolute__ 0000
__Habs1                  abs1         0000
__Hbank0                 bank0        0000
__Hbank1                 bank1        0000
__Hbank2                 bank2        0000
__Hbank3                 bank3        0000
__HbssBANK0              bssBANK0     0000
__Hcinit                 cinit        0800
__Hclrtext               clrtext      0000
__Hcode                  code         0000
__Hcommon                common       0000
__Hconfig                config       2008
__HcstackBANK0           cstackBANK0  0000
__HcstackCOMMON          cstackCOMMON 0000
__HdataBANK0             dataBANK0    0000
__Heeprom_data           eeprom_data  0000
__Hend_init              end_init     0003
__Hfunctab               functab      0000
__Hheap                  heap         0000
__HidataBANK0            idataBANK0   0000
__Hinit                  init         0000
__Hinittext              inittext     0000
__Hintentry              intentry     0000
__Hmaintext              maintext     0000
__Hpowerup               powerup      0000
__Hram                   ram          0000
__Hreset_vec             reset_vec    0000
__Hsfr0                  sfr0         0000
__Hsfr1                  sfr1         0000
__Hsfr2                  sfr2         0000
__Hsfr3                  sfr3         0000
__Hspace_0               (abs)        0800
__Hspace_1               (abs)        007E
__Hspace_2               (abs)        0000
__Hspace_3               (abs)        0000
__Hspace_4               (abs)        400F
__Hstack                 stack        0000
__Hstrings               strings      0000
__Htext                  text         0000
__L__absolute__          __absolute__ 0000
__Labs1                  abs1         0000
__Lbank0                 bank0        0000
__Lbank1                 bank1        0000
__Lbank2                 bank2        0000
__Lbank3                 bank3        0000
__LbssBANK0              bssBANK0     0000
__Lcinit                 cinit        07E6
__Lclrtext               clrtext      0000
__Lcode                  code         0000
__Lcommon                common       0000
__Lconfig                config       0000
__LcstackBANK0           cstackBANK0  0000
__LcstackCOMMON          cstackCOMMON 0000
__LdataBANK0             dataBANK0    0000
__Leeprom_data           eeprom_data  0000
__Lend_init              end_init     0000
__Lfunctab               functab      0000
__Lheap                  heap         0000
__LidataBANK0            idataBANK0   0000
__Linit                  init         0000
__Linittext              inittext     0000
__Lintentry              intentry     0000
__Lmaintext              maintext     0000
__Lpowerup               powerup      0000
__Lram                   ram          0000
__Lreset_vec             reset_vec    0000
__Lsfr0                  sfr0         0000
__Lsfr1                  sfr1         0000
__Lsfr2                  sfr2         0000
__Lsfr3                  sfr3         0000
__Lspace_0               (abs)        0000
__Lspace_1               (abs)        0000
__Lspace_2               (abs)        0000
__Lspace_3               (abs)        0000
__Lspace_4               (abs)        0000
__Lstack                 stack        0000
__Lstrings               strings      0000
__Ltext                  text         0000
__S0                     (abs)        0800
__S1                     (abs)        007E
__S3                     (abs)        0000
___bmul                  text6        047D
___bmul@multiplicand     cstackCOMMON 0077
___bmul@multiplier       cstackCOMMON 0079
___bmul@product          cstackCOMMON 0078
___heap_hi               (abs)        0000
___heap_lo               (abs)        0000
___int_sp                stack        0000
___int_stack_hi          stack        0000
___int_stack_lo          stack        0000
___latbits               (abs)        0002
___lldiv                 text3        0533
___lldiv@counter         cstackBANK0  0046
___lldiv@dividend        cstackBANK0  003E
___lldiv@divisor         cstackBANK0  003A
___lldiv@quotient        cstackBANK0  0042
___lmul                  text2        04ED
___lmul@multiplicand     cstackCOMMON 0074
___lmul@multiplier       cstackCOMMON 0070
___lmul@product          cstackCOMMON 0079
___lwdiv                 text5        04A9
___lwdiv@counter         cstackCOMMON 0076
___lwdiv@dividend        cstackCOMMON 0072
___lwdiv@divisor         cstackCOMMON 0070
___lwdiv@quotient        cstackCOMMON 0074
___sp                    stack        0000
___stack_hi              stack        0000
___stack_lo              stack        0000
___stackhi               (abs)        0000
___stacklo               (abs)        0000
__end_of_Lcd_Command     text8        04A9
__end_of_Lcd_Data        text7        047D
__end_of_Lcd_Output      text4        063C
__end_of___bmul          text6        0492
__end_of___lldiv         text3        059B
__end_of___lmul          text2        0533
__end_of___lwdiv         text5        04ED
__end_of__initialization cinit        07FC
__end_of_init            text1        06F5
__end_of_main            maintext     07E6
__initialization         cinit        07E6
__pbssBANK0              bssBANK0     0020
__pcstackBANK0           cstackBANK0  003A
__pcstackCOMMON          cstackCOMMON 0070
__pdataBANK0             dataBANK0    004B
__pidataBANK0            idataBANK0   044E
__pmaintext              maintext     06F5
__ptext1                 text1        063C
__ptext2                 text2        04ED
__ptext3                 text3        0533
__ptext4                 text4        059B
__ptext5                 text5        04A9
__ptext6                 text6        047D
__ptext7                 text7        0469
__ptext8                 text8        0492
_ch0                     dataBANK0    004F
_ch1                     dataBANK0    004B
_hival                   bssBANK0     0034
_i                       bssBANK0     002C
_init                    text1        063C
_k                       bssBANK0     0028
_loval                   bssBANK0     0036
_m                       bssBANK0     0030
_main                    maintext     06F5
_n                       bssBANK0     002E
_value                   bssBANK0     0024
_voltage                 bssBANK0     0020
btemp                    (abs)        007E
clear_ram0               clrtext      0446
end_of_initialization    cinit        07FC
init_fetch0              inittext     0456
init_ram0                inittext     045A
intlevel0                functab      0000
intlevel1                functab      0000
intlevel2                functab      0000
intlevel3                functab      0000
intlevel4                functab      0000
intlevel5                functab      0000
reset_vec                reset_vec    0000
start                    init         0000
start_initialization     cinit        07E6
wtemp0                   (abs)        007E


MODULE INFORMATION

Module		Function		Class		Link	Load	Size
C:\Program Files\Microchip\xc8\v2.45\pic\sources\c99\common\Umul8.c
		___bmul        		CODE           	047D	0000	21

C:\Program Files\Microchip\xc8\v2.45\pic\sources\c99\common\Umul8.c estimated size: 21

C:\Program Files\Microchip\xc8\v2.45\pic\sources\c99\common\Umul32.c
		___lmul        		CODE           	04ED	0000	70

C:\Program Files\Microchip\xc8\v2.45\pic\sources\c99\common\Umul32.c estimated size: 70

shared
		__initialization		CODE           	07E6	0000	22

shared estimated size: 22

C:\Program Files\Microchip\xc8\v2.45\pic\sources\c99\common\__lldiv.c
		___lldiv       		CODE           	0533	0000	104

C:\Program Files\Microchip\xc8\v2.45\pic\sources\c99\common\__lldiv.c estimated size: 104

7T_ADC_PWM.c
		_init          		CODE           	063C	0000	185
		_Lcd_Output    		CODE           	059B	0000	161
		_Lcd_Command   		CODE           	0492	0000	23
		_main          		CODE           	06F5	0000	241
		_Lcd_Data      		CODE           	0469	0000	20

7T_ADC_PWM.c estimated size: 630

C:\Program Files\Microchip\xc8\v2.45\pic\sources\c99\common\lwdiv.c
		___lwdiv       		CODE           	04A9	0000	68

C:\Program Files\Microchip\xc8\v2.45\pic\sources\c99\common\lwdiv.c estimated size: 68

