Microchip MPLAB XC8 Compiler V2.45

Linker command line:

-W-3 \
  --edf=C:\Program Files\Microchip\xc8\v2.45\pic\dat\20230818022343_en.msgs \
  -cn -h+dist/default/production\6T_ADC.X.production.sym \
  --cmf=dist/default/production\6T_ADC.X.production.cmf -z -Q16F877A \
  -oC:\Users\antor\AppData\Local\Temp\xcAsp4o.\driver_tmp_3.o \
  --defsym=__MPLAB_BUILD=1 --fixupoverflow=error \
  -Mdist/default/production/6T_ADC.X.production.map \
  --md=C:\Users\antor\AppData\Local\Temp\xcAsp4o.\driver_tmp_0.dat -E1 \
  -ver=XC8 Compiler --acfsm=1493 -ACODE=00h-07FFhx4 -ASTRCODE=00h-01FFFh \
  -ASTRING=00h-0FFhx32 -ACONST=00h-0FFhx32 -AENTRY=00h-0FFhx32 \
  -ACOMMON=070h-07Fh -ABANK0=020h-06Fh -ABANK1=0A0h-0EFh \
  -ABANK2=0110h-016Fh -ABANK3=0190h-01EFh \
  -ARAM=020h-06Fh,0A0h-0EFh,0110h-016Fh,0190h-01EFh \
  -AABS1=020h-07Fh,0A0h-0EFh,0110h-016Fh,0190h-01EFh -ASFR0=00h-01Fh \
  -ASFR1=080h-09Fh -ASFR2=0100h-010Fh -ASFR3=0180h-018Fh \
  -ACONFIG=02007h-02007h -DCONFIG=2 -AIDLOC=02000h-02003h -DIDLOC=2 \
  -AEEDATA=00h-0FFh/02100h -peeprom_data=EEDATA -DEEDATA=2 -DCODE=2 \
  -DSTRCODE=2 -DSTRING=2 -DCONST=2 -DENTRY=2 \
  -preset_vec=00h,intentry,init,end_init -ppowerup=CODE -pcinit=CODE \
  -pfunctab=ENTRY -k \
  C:\Users\antor\AppData\Local\Temp\xcAsp4o.\driver_tmp_12.o \
  dist/default/production\6T_ADC.X.production.o 

Object code version is 3.11

Machine type is 16F877A



                Name                               Link     Load   Length Selector   Space Scale
C:\Users\antor\AppData\Local\Temp\xcAsp4o.\driver_tmp_12.o
                end_init                              0        0        3        0       0
                config                             2007     2007        1        0       4
dist/default/production\6T_ADC.X.production.o
                cinit                               7E6      7E6       1A      FCC       0
                config                             2007     2007        1        0       4
                text7                               4E7      4E7       14      9CE       0
                text6                               50F      50F       17      A1E       0
                text5                               5E6      5E6       68      BCC       0
                text4                               64E      64E       AD      C9C       0
                text3                               53D      53D       46      A7A       0
                text2                               526      526       17      A4C       0
                text1                               583      583       63      B06       0
                maintext                            6FB      6FB       EB      DF6       0
                cstackBANK0                          3D       3D       18       20       1
                cstackCOMMON                         70       70        E       70       1
                clrtext                             4CC      4CC        8      998       0
                inittext                            4D4      4D4       13      9A8       0
                dataBANK0                            55       55       14       20       1
                bssBANK0                             20       20       1D       20       1
                idataBANK0                          4FB      4FB       14      9F6       0

TOTAL           Name                               Link     Load   Length     Space
        CLASS   CODE           
                end_init                              0        0        3         0
                cinit                               7E6      7E6       1A         0
                text7                               4E7      4E7       14         0
                text6                               50F      50F       17         0
                text5                               5E6      5E6       68         0
                text4                               64E      64E       AD         0
                text3                               53D      53D       46         0
                text2                               526      526       17         0
                text1                               583      583       63         0
                maintext                            6FB      6FB       EB         0
                clrtext                             4CC      4CC        8         0
                inittext                            4D4      4D4       13         0
                idataBANK0                          4FB      4FB       14         0

        CLASS   STRCODE        

        CLASS   STRING         

        CLASS   CONST          

        CLASS   ENTRY          

        CLASS   COMMON         
                cstackCOMMON                         70       70        E         1

        CLASS   BANK0          
                cstackBANK0                          3D       3D       18         1
                dataBANK0                            55       55       14         1
                bssBANK0                             20       20       1D         1

        CLASS   BANK1          

        CLASS   BANK2          

        CLASS   BANK3          

        CLASS   RAM            

        CLASS   ABS1           
                abs_s1                               7E       7E        2         1

        CLASS   SFR0           

        CLASS   SFR1           

        CLASS   SFR2           

        CLASS   SFR3           

        CLASS   CONFIG         
                config                             2007     2007        1         4

        CLASS   IDLOC          

        CLASS   EEDATA         

        CLASS   HEAP           

        CLASS   STACK          



SEGMENTS        Name                           Load    Length   Top    Selector   Space  Class     Delta

                reset_vec                      000000  000003  000003         0       0  CODE        2
                bssBANK0                       000020  000049  000069        20       1  BANK0       1
                cstackCOMMON                   000070  00000E  00007E        70       1  COMMON      1
                clrtext                        0004CC  000008  0004D4       998       0  CODE        2
                inittext                       0004D4  000013  0004E7       9A8       0  CODE        2
                text7                          0004E7  000014  0004FB       9CE       0  CODE        2
                idataBANK0                     0004FB  000014  00050F       9F6       0  CODE        2
                text6                          00050F  000017  000526       A1E       0  CODE        2
                text2                          000526  000017  00053D       A4C       0  CODE        2
                text3                          00053D  000046  000583       A7A       0  CODE        2
                text1                          000583  000063  0005E6       B06       0  CODE        2
                text5                          0005E6  000068  00064E       BCC       0  CODE        2
                text4                          00064E  0000AD  0006FB       C9C       0  CODE        2
                maintext                       0006FB  0000EB  0007E6       DF6       0  CODE        2
                cinit                          0007E6  00001A  000800       FCC       0  CODE        2


UNUSED ADDRESS RANGES

        Name                Unused          Largest block    Delta
        BANK0            0069-006F              7           1
        BANK1            00A0-00EF             50           1
        BANK2            0110-016F             60           1
        BANK3            0190-01EF             60           1
        CODE             0003-04CB            4C9           2
                         0800-1FFF            800
        CONST            0003-04CB            100           2
                         0800-1FFF            100
        EEDATA           2100-21FF            100           2
        ENTRY            0003-04CB            100           2
                         0800-1FFF            100
        IDLOC            2000-2003              4           2
        RAM              0069-006F              7           1
                         00A0-00EF             50
                         0110-016F             60
                         0190-01EF             60
        SFR0             0000-001F             20           1
        SFR1             0080-009F             20           1
        SFR2             0100-010F             10           1
        SFR3             0180-018F             10           1
        STRCODE          0003-04CB            4C9           2
                         0800-1FFF           1800
        STRING           0003-04CB            100           2
                         0800-1FFF            100

                                  Symbol Table

?___lldiv                cstackBANK0  003D
?___lmul                 cstackCOMMON 0070
Lcd_Command@i            cstackCOMMON 0072
Lcd_Data@i               cstackCOMMON 0072
Lcd_Output@i             cstackBANK0  004D
Lcd_Output@j             cstackBANK0  0052
Lcd_Output@s             cstackBANK0  0051
_ADCON0                  (abs)        001F
_ADCON1                  (abs)        009F
_ADRESH                  (abs)        001E
_ADRESL                  (abs)        009E
_Lcd_Command             text2        0526
_Lcd_Data                text7        04E7
_Lcd_Output              text4        064E
_PORTC                   (abs)        0007
_PORTD                   (abs)        0008
_TRISA                   (abs)        0085
_TRISC                   (abs)        0087
_TRISD                   (abs)        0088
__H__absolute__          __absolute__ 0000
__Habs1                  abs1         0000
__Hbank0                 bank0        0000
__Hbank1                 bank1        0000
__Hbank2                 bank2        0000
__Hbank3                 bank3        0000
__HbssBANK0              bssBANK0     0000
__Hcinit                 cinit        0800
__Hclrtext               clrtext      0000
__Hcode                  code         0000
__Hcommon                common       0000
__Hconfig                config       2008
__HcstackBANK0           cstackBANK0  0000
__HcstackCOMMON          cstackCOMMON 0000
__HdataBANK0             dataBANK0    0000
__Heeprom_data           eeprom_data  0000
__Hend_init              end_init     0003
__Hfunctab               functab      0000
__Hheap                  heap         0000
__HidataBANK0            idataBANK0   0000
__Hinit                  init         0000
__Hinittext              inittext     0000
__Hintentry              intentry     0000
__Hmaintext              maintext     0000
__Hpowerup               powerup      0000
__Hram                   ram          0000
__Hreset_vec             reset_vec    0000
__Hsfr0                  sfr0         0000
__Hsfr1                  sfr1         0000
__Hsfr2                  sfr2         0000
__Hsfr3                  sfr3         0000
__Hspace_0               (abs)        0800
__Hspace_1               (abs)        007E
__Hspace_2               (abs)        0000
__Hspace_3               (abs)        0000
__Hspace_4               (abs)        400F
__Hstack                 stack        0000
__Hstrings               strings      0000
__Htext                  text         0000
__L__absolute__          __absolute__ 0000
__Labs1                  abs1         0000
__Lbank0                 bank0        0000
__Lbank1                 bank1        0000
__Lbank2                 bank2        0000
__Lbank3                 bank3        0000
__LbssBANK0              bssBANK0     0000
__Lcinit                 cinit        07E6
__Lclrtext               clrtext      0000
__Lcode                  code         0000
__Lcommon                common       0000
__Lconfig                config       0000
__LcstackBANK0           cstackBANK0  0000
__LcstackCOMMON          cstackCOMMON 0000
__LdataBANK0             dataBANK0    0000
__Leeprom_data           eeprom_data  0000
__Lend_init              end_init     0000
__Lfunctab               functab      0000
__Lheap                  heap         0000
__LidataBANK0            idataBANK0   0000
__Linit                  init         0000
__Linittext              inittext     0000
__Lintentry              intentry     0000
__Lmaintext              maintext     0000
__Lpowerup               powerup      0000
__Lram                   ram          0000
__Lreset_vec             reset_vec    0000
__Lsfr0                  sfr0         0000
__Lsfr1                  sfr1         0000
__Lsfr2                  sfr2         0000
__Lsfr3                  sfr3         0000
__Lspace_0               (abs)        0000
__Lspace_1               (abs)        0000
__Lspace_2               (abs)        0000
__Lspace_3               (abs)        0000
__Lspace_4               (abs)        0000
__Lstack                 stack        0000
__Lstrings               strings      0000
__Ltext                  text         0000
__S0                     (abs)        0800
__S1                     (abs)        007E
__S3                     (abs)        0000
___bmul                  text6        050F
___bmul@multiplicand     cstackBANK0  004A
___bmul@multiplier       cstackBANK0  004C
___bmul@product          cstackBANK0  004B
___heap_hi               (abs)        0000
___heap_lo               (abs)        0000
___int_sp                stack        0000
___int_stack_hi          stack        0000
___int_stack_lo          stack        0000
___latbits               (abs)        0002
___lldiv                 text5        05E6
___lldiv@counter         cstackBANK0  0049
___lldiv@dividend        cstackBANK0  0041
___lldiv@divisor         cstackBANK0  003D
___lldiv@quotient        cstackBANK0  0045
___lmul                  text3        053D
___lmul@multiplicand     cstackCOMMON 0074
___lmul@multiplier       cstackCOMMON 0070
___lmul@product          cstackCOMMON 0079
___sp                    stack        0000
___stack_hi              stack        0000
___stack_lo              stack        0000
___stackhi               (abs)        0000
___stacklo               (abs)        0000
__end_of_Lcd_Command     text2        053D
__end_of_Lcd_Data        text7        04FB
__end_of_Lcd_Output      text4        06FB
__end_of___bmul          text6        0526
__end_of___lldiv         text5        064E
__end_of___lmul          text3        0583
__end_of__initialization cinit        07FC
__end_of_init            text1        05E6
__end_of_main            maintext     07E6
__initialization         cinit        07E6
__pbssBANK0              bssBANK0     0020
__pcstackBANK0           cstackBANK0  003D
__pcstackCOMMON          cstackCOMMON 0070
__pdataBANK0             dataBANK0    0055
__pidataBANK0            idataBANK0   04FB
__pmaintext              maintext     06FB
__ptext1                 text1        0583
__ptext2                 text2        0526
__ptext3                 text3        053D
__ptext4                 text4        064E
__ptext5                 text5        05E6
__ptext6                 text6        050F
__ptext7                 text7        04E7
_act_val                 dataBANK0    005F
_cal_val                 dataBANK0    0055
_hival                   bssBANK0     0037
_i                       bssBANK0     0031
_init                    text1        0583
_k                       bssBANK0     0020
_loval                   bssBANK0     0039
_m                       bssBANK0     0025
_main                    maintext     06FB
_n                       bssBANK0     0033
_value                   bssBANK0     002D
_voltage                 bssBANK0     0029
btemp                    (abs)        007E
clear_ram0               clrtext      04CC
end_of_initialization    cinit        07FC
init_fetch0              inittext     04D4
init_ram0                inittext     04D8
intlevel0                functab      0000
intlevel1                functab      0000
intlevel2                functab      0000
intlevel3                functab      0000
intlevel4                functab      0000
intlevel5                functab      0000
reset_vec                reset_vec    0000
start                    init         0000
start_initialization     cinit        07E6
wtemp0                   (abs)        007E


MODULE INFORMATION

Module		Function		Class		Link	Load	Size
C:\Program Files\Microchip\xc8\v2.45\pic\sources\c99\common\Umul8.c
		___bmul        		CODE           	050F	0000	23

C:\Program Files\Microchip\xc8\v2.45\pic\sources\c99\common\Umul8.c estimated size: 23

6T_ADC.c
		_init          		CODE           	0583	0000	99
		_Lcd_Output    		CODE           	064E	0000	173
		_Lcd_Command   		CODE           	0526	0000	23
		_main          		CODE           	06FB	0000	235
		_Lcd_Data      		CODE           	04E7	0000	20

6T_ADC.c estimated size: 550

C:\Program Files\Microchip\xc8\v2.45\pic\sources\c99\common\Umul32.c
		___lmul        		CODE           	053D	0000	70

C:\Program Files\Microchip\xc8\v2.45\pic\sources\c99\common\Umul32.c estimated size: 70

shared
		__initialization		CODE           	07E6	0000	22

shared estimated size: 22

C:\Program Files\Microchip\xc8\v2.45\pic\sources\c99\common\__lldiv.c
		___lldiv       		CODE           	05E6	0000	104

C:\Program Files\Microchip\xc8\v2.45\pic\sources\c99\common\__lldiv.c estimated size: 104

