Microchip MPLAB XC8 Compiler V2.45

Linker command line:

-W-3 \
  --edf=C:\Program Files\Microchip\xc8\v2.45\pic\dat\20230818022343_en.msgs \
  -cn -h+dist/default/production\4T1_LCD_Interface.X.production.sym \
  --cmf=dist/default/production\4T1_LCD_Interface.X.production.cmf -z \
  -Q16F877A -oC:\Users\antor\AppData\Local\Temp\xcAspd0.\driver_tmp_3.o \
  --defsym=__MPLAB_BUILD=1 --fixupoverflow=error \
  -Mdist/default/production/4T1_LCD_Interface.X.production.map \
  --md=C:\Users\antor\AppData\Local\Temp\xcAspd0.\driver_tmp_0.dat -E1 \
  -ver=XC8 Compiler --acfsm=1493 -ACODE=00h-07FFhx4 -ASTRCODE=00h-01FFFh \
  -ASTRING=00h-0FFhx32 -ACONST=00h-0FFhx32 -AENTRY=00h-0FFhx32 \
  -ACOMMON=070h-07Fh -ABANK0=020h-06Fh -ABANK1=0A0h-0EFh \
  -ABANK2=0110h-016Fh -ABANK3=0190h-01EFh \
  -ARAM=020h-06Fh,0A0h-0EFh,0110h-016Fh,0190h-01EFh \
  -AABS1=020h-07Fh,0A0h-0EFh,0110h-016Fh,0190h-01EFh -ASFR0=00h-01Fh \
  -ASFR1=080h-09Fh -ASFR2=0100h-010Fh -ASFR3=0180h-018Fh \
  -ACONFIG=02007h-02007h -DCONFIG=2 -AIDLOC=02000h-02003h -DIDLOC=2 \
  -AEEDATA=00h-0FFh/02100h -peeprom_data=EEDATA -DEEDATA=2 -DCODE=2 \
  -DSTRCODE=2 -DSTRING=2 -DCONST=2 -DENTRY=2 \
  -preset_vec=00h,intentry,init,end_init -ppowerup=CODE -pcinit=CODE \
  -pfunctab=ENTRY -k \
  C:\Users\antor\AppData\Local\Temp\xcAspd0.\driver_tmp_12.o \
  dist/default/production\4T1_LCD_Interface.X.production.o 

Object code version is 3.11

Machine type is 16F877A



                Name                               Link     Load   Length Selector   Space Scale
C:\Users\antor\AppData\Local\Temp\xcAspd0.\driver_tmp_12.o
                end_init                              0        0        3        0       0
                config                             2007     2007        1        0       4
dist/default/production\4T1_LCD_Interface.X.production.o
                cinit                               7D4      7D4       2C      FA8       0
                config                             2007     2007        1        0       4
                text9                               4E1      4E1       17      9C2       0
                text8                               5D9      5D9       65      BB2       0
                text7                               4B8      4B8       14      970       0
                text6                               4CC      4CC       15      998       0
                text5                               595      595       44      B2A       0
                text4                               4F8      4F8       25      9F0       0
                text3                               73C      73C       98      E78       0
                text2                               63E      63E       78      C7C       0
                text1                               6B6      6B6       86      D6C       0
                maintext                            497      497        E      92E       0
                cstackBANK0                          68       68        7       20       1
                cstackCOMMON                         70       70        D       70       1
                inittext                            4A5      4A5       13      94A       0
                dataBANK1                            A0       A0       3C       A0       1
                dataBANK0                            20       20       3C       20       1
                bssBANK0                             5C       5C        C       20       1
                bssCOMMON                            7D       7D        1       70       1
                idataBANK1                          51D      51D       3C      A3A       0
                idataBANK0                          559      559       3C      AB2       0

TOTAL           Name                               Link     Load   Length     Space
        CLASS   CODE           
                end_init                              0        0        3         0
                cinit                               7D4      7D4       2C         0
                text9                               4E1      4E1       17         0
                text8                               5D9      5D9       65         0
                text7                               4B8      4B8       14         0
                text6                               4CC      4CC       15         0
                text5                               595      595       44         0
                text4                               4F8      4F8       25         0
                text3                               73C      73C       98         0
                text2                               63E      63E       78         0
                text1                               6B6      6B6       86         0
                maintext                            497      497        E         0
                inittext                            4A5      4A5       13         0
                idataBANK1                          51D      51D       3C         0
                idataBANK0                          559      559       3C         0

        CLASS   STRCODE        

        CLASS   STRING         

        CLASS   CONST          

        CLASS   ENTRY          

        CLASS   COMMON         
                cstackCOMMON                         70       70        D         1
                bssCOMMON                            7D       7D        1         1

        CLASS   BANK0          
                cstackBANK0                          68       68        7         1
                dataBANK0                            20       20       3C         1
                bssBANK0                             5C       5C        C         1

        CLASS   BANK1          
                dataBANK1                            A0       A0       3C         1

        CLASS   BANK2          

        CLASS   BANK3          

        CLASS   RAM            

        CLASS   ABS1           
                abs_s1                               7E       7E        2         1

        CLASS   SFR0           

        CLASS   SFR1           

        CLASS   SFR2           

        CLASS   SFR3           

        CLASS   CONFIG         
                config                             2007     2007        1         4

        CLASS   IDLOC          

        CLASS   EEDATA         

        CLASS   HEAP           

        CLASS   STACK          



SEGMENTS        Name                           Load    Length   Top    Selector   Space  Class     Delta

                reset_vec                      000000  000003  000003         0       0  CODE        2
                dataBANK0                      000020  00004F  00006F        20       1  BANK0       1
                cstackCOMMON                   000070  00000E  00007E        70       1  COMMON      1
                dataBANK1                      0000A0  00003C  0000DC        A0       1  BANK1       1
                maintext                       000497  00000E  0004A5       92E       0  CODE        2
                inittext                       0004A5  000013  0004B8       94A       0  CODE        2
                text7                          0004B8  000014  0004CC       970       0  CODE        2
                text6                          0004CC  000015  0004E1       998       0  CODE        2
                text9                          0004E1  000017  0004F8       9C2       0  CODE        2
                text4                          0004F8  000025  00051D       9F0       0  CODE        2
                idataBANK1                     00051D  00003C  000559       A3A       0  CODE        2
                idataBANK0                     000559  00003C  000595       AB2       0  CODE        2
                text5                          000595  000044  0005D9       B2A       0  CODE        2
                text8                          0005D9  000065  00063E       BB2       0  CODE        2
                text2                          00063E  000078  0006B6       C7C       0  CODE        2
                text1                          0006B6  000086  00073C       D6C       0  CODE        2
                text3                          00073C  000098  0007D4       E78       0  CODE        2
                cinit                          0007D4  00002C  000800       FA8       0  CODE        2


UNUSED ADDRESS RANGES

        Name                Unused          Largest block    Delta
        BANK0            006F-006F              1           1
        BANK1            00DC-00EF             14           1
        BANK2            0110-016F             60           1
        BANK3            0190-01EF             60           1
        CODE             0003-0496            494           2
                         0800-1FFF            800
        CONST            0003-0496            100           2
                         0800-1FFF            100
        EEDATA           2100-21FF            100           2
        ENTRY            0003-0496            100           2
                         0800-1FFF            100
        IDLOC            2000-2003              4           2
        RAM              006F-006F              1           1
                         00DC-00EF             14
                         0110-016F             60
                         0190-01EF             60
        SFR0             0000-001F             20           1
        SFR1             0080-009F             20           1
        SFR2             0100-010F             10           1
        SFR3             0180-018F             10           1
        STRCODE          0003-0496            494           2
                         0800-1FFF           1800
        STRING           0003-0496            100           2
                         0800-1FFF            100

                                  Symbol Table

?___lwdiv                cstackCOMMON 0076
?___wmul                 cstackCOMMON 0070
Lcd_Command@i            cstackCOMMON 0072
Lcd_Data@i               cstackCOMMON 0072
Lcd_Output@i             cstackBANK0  0068
_Lcd_Command             text9        04E1
_Lcd_Data                text7        04B8
_Lcd_Output              text3        073C
_OPTION_REG              (abs)        0081
_PORTB                   (abs)        0006
_PORTC                   (abs)        0007
_PORTD                   (abs)        0008
_TRISB                   (abs)        0086
_TRISC                   (abs)        0087
_TRISD                   (abs)        0088
__H__absolute__          __absolute__ 0000
__Habs1                  abs1         0000
__Hbank0                 bank0        0000
__Hbank1                 bank1        0000
__Hbank2                 bank2        0000
__Hbank3                 bank3        0000
__HbssBANK0              bssBANK0     0000
__HbssCOMMON             bssCOMMON    0000
__Hcinit                 cinit        0800
__Hclrtext               clrtext      0000
__Hcode                  code         0000
__Hcommon                common       0000
__Hconfig                config       2008
__HcstackBANK0           cstackBANK0  0000
__HcstackCOMMON          cstackCOMMON 0000
__HdataBANK0             dataBANK0    0000
__HdataBANK1             dataBANK1    0000
__Heeprom_data           eeprom_data  0000
__Hend_init              end_init     0003
__Hfunctab               functab      0000
__Hheap                  heap         0000
__HidataBANK0            idataBANK0   0000
__HidataBANK1            idataBANK1   0000
__Hinit                  init         0000
__Hinittext              inittext     0000
__Hintentry              intentry     0000
__Hmaintext              maintext     0000
__Hpowerup               powerup      0000
__Hram                   ram          0000
__Hreset_vec             reset_vec    0000
__Hsfr0                  sfr0         0000
__Hsfr1                  sfr1         0000
__Hsfr2                  sfr2         0000
__Hsfr3                  sfr3         0000
__Hspace_0               (abs)        0800
__Hspace_1               (abs)        00DC
__Hspace_2               (abs)        0000
__Hspace_3               (abs)        0000
__Hspace_4               (abs)        400F
__Hstack                 stack        0000
__Hstrings               strings      0000
__Htext                  text         0000
__L__absolute__          __absolute__ 0000
__Labs1                  abs1         0000
__Lbank0                 bank0        0000
__Lbank1                 bank1        0000
__Lbank2                 bank2        0000
__Lbank3                 bank3        0000
__LbssBANK0              bssBANK0     0000
__LbssCOMMON             bssCOMMON    0000
__Lcinit                 cinit        07D4
__Lclrtext               clrtext      0000
__Lcode                  code         0000
__Lcommon                common       0000
__Lconfig                config       0000
__LcstackBANK0           cstackBANK0  0000
__LcstackCOMMON          cstackCOMMON 0000
__LdataBANK0             dataBANK0    0000
__LdataBANK1             dataBANK1    0000
__Leeprom_data           eeprom_data  0000
__Lend_init              end_init     0000
__Lfunctab               functab      0000
__Lheap                  heap         0000
__LidataBANK0            idataBANK0   0000
__LidataBANK1            idataBANK1   0000
__Linit                  init         0000
__Linittext              inittext     0000
__Lintentry              intentry     0000
__Lmaintext              maintext     0000
__Lpowerup               powerup      0000
__Lram                   ram          0000
__Lreset_vec             reset_vec    0000
__Lsfr0                  sfr0         0000
__Lsfr1                  sfr1         0000
__Lsfr2                  sfr2         0000
__Lsfr3                  sfr3         0000
__Lspace_0               (abs)        0000
__Lspace_1               (abs)        0000
__Lspace_2               (abs)        0000
__Lspace_3               (abs)        0000
__Lspace_4               (abs)        0000
__Lstack                 stack        0000
__Lstrings               strings      0000
__Ltext                  text         0000
__S0                     (abs)        0800
__S1                     (abs)        00DC
__S3                     (abs)        0000
___bmul                  text6        04CC
___bmul@multiplicand     cstackCOMMON 0070
___bmul@multiplier       cstackCOMMON 0072
___bmul@product          cstackCOMMON 0071
___heap_hi               (abs)        0000
___heap_lo               (abs)        0000
___int_sp                stack        0000
___int_stack_hi          stack        0000
___int_stack_lo          stack        0000
___latbits               (abs)        0002
___lwdiv                 text5        0595
___lwdiv@counter         cstackCOMMON 007C
___lwdiv@dividend        cstackCOMMON 0078
___lwdiv@divisor         cstackCOMMON 0076
___lwdiv@quotient        cstackCOMMON 007A
___sp                    stack        0000
___stack_hi              stack        0000
___stack_lo              stack        0000
___stackhi               (abs)        0000
___stacklo               (abs)        0000
___wmul                  text4        04F8
___wmul@multiplicand     cstackCOMMON 0072
___wmul@multiplier       cstackCOMMON 0070
___wmul@product          cstackCOMMON 0074
__end_of_Lcd_Command     text9        04F8
__end_of_Lcd_Data        text7        04CC
__end_of_Lcd_Output      text3        07D4
__end_of___bmul          text6        04E1
__end_of___lwdiv         text5        05D9
__end_of___wmul          text4        051D
__end_of__initialization cinit        07FC
__end_of_init            text8        063E
__end_of_keyscan         text1        073C
__end_of_main            maintext     04A5
__end_of_val_check       text2        06B6
__initialization         cinit        07D4
__pbssBANK0              bssBANK0     005C
__pbssCOMMON             bssCOMMON    007D
__pcstackBANK0           cstackBANK0  0068
__pcstackCOMMON          cstackCOMMON 0070
__pdataBANK0             dataBANK0    0020
__pdataBANK1             dataBANK1    00A0
__pidataBANK0            idataBANK0   0559
__pidataBANK1            idataBANK1   051D
__pmaintext              maintext     0497
__ptext1                 text1        06B6
__ptext2                 text2        063E
__ptext3                 text3        073C
__ptext4                 text4        04F8
__ptext5                 text5        0595
__ptext6                 text6        04CC
__ptext7                 text7        04B8
__ptext8                 text8        05D9
__ptext9                 text9        04E1
_array                   dataBANK0    003E
_array_high              dataBANK1    00A0
_array_low               dataBANK0    0020
_array_med               dataBANK1    00BE
_d2                      bssBANK0     0064
_d3                      bssBANK0     0062
_d4                      bssBANK0     0060
_init                    text8        05D9
_j                       bssBANK0     005C
_keyscan                 text1        06B6
_main                    maintext     0497
_val_check               text2        063E
_value                   bssBANK0     0066
_x                       bssBANK0     0067
btemp                    (abs)        007E
end_of_initialization    cinit        07FC
init_fetch0              inittext     04A5
init_ram0                inittext     04A9
intlevel0                functab      0000
intlevel1                functab      0000
intlevel2                functab      0000
intlevel3                functab      0000
intlevel4                functab      0000
intlevel5                functab      0000
reset_vec                reset_vec    0000
start                    init         0000
start_initialization     cinit        07D4
wtemp0                   (abs)        007E


MODULE INFORMATION

Module		Function		Class		Link	Load	Size
C:\Program Files\Microchip\xc8\v2.45\pic\sources\c99\common\Umul16.c
		___wmul        		CODE           	04F8	0000	37

C:\Program Files\Microchip\xc8\v2.45\pic\sources\c99\common\Umul16.c estimated size: 37

C:\Program Files\Microchip\xc8\v2.45\pic\sources\c99\common\Umul8.c
		___bmul        		CODE           	04CC	0000	21

C:\Program Files\Microchip\xc8\v2.45\pic\sources\c99\common\Umul8.c estimated size: 21

newmain.c
		_init          		CODE           	05D9	0000	101
		_Lcd_Output    		CODE           	073C	0000	152
		_Lcd_Command   		CODE           	04E1	0000	23
		_main          		CODE           	0497	0000	14
		_Lcd_Data      		CODE           	04B8	0000	20
		_val_check     		CODE           	063E	0000	120
		_keyscan       		CODE           	06B6	0000	134

newmain.c estimated size: 564

shared
		__initialization		CODE           	07D4	0000	40

shared estimated size: 40

C:\Program Files\Microchip\xc8\v2.45\pic\sources\c99\common\lwdiv.c
		___lwdiv       		CODE           	0595	0000	68

C:\Program Files\Microchip\xc8\v2.45\pic\sources\c99\common\lwdiv.c estimated size: 68

